// Jest Snapshot v1, https://goo.gl/fbAQLP

exports[`Plus renders correctly and looks amazing 1`] = `
.kbbzHL {
  font-size: 20px;
  background: mediumseagreen;
  border: 1px solid red;
  border-radius: 2px;
  -webkit-flex-grow: 1;
  -ms-flex-grow: 1;
  flex-grow: 1;
}

<button
  className="sc-bdVaJa kbbzHL"
  onClick={undefined}
>
  +
</button>
`;
