// Jest Snapshot v1, https://goo.gl/fbAQLP

exports[`App Component renders all sub components correctly 1`] = `
<div
  className="App"
>
  <button
    onClick={undefined}
  >
    -
  </button>
  <div>
    Traalala 
    31
  </div>
  <button
    onClick={undefined}
  >
    +
  </button>
</div>
`;
